---
title: sql 설치 후 명령어 검증
categories:
  - Database
tags:
  - Database
toc: true
---

## sql 설치 후 명령어 검증
### netstat
### tnsping windows

```
SQL*Plus: Release 11.2.0.2.0 Production on 수 1월 4 13:11:57 2023

Copyright (c) 1982, 2014, Oracle.  All rights reserved.

SQL> con system
SP2-0042: unknown command "con system" - rest of line ignored.
SQL> conn system
Enter password:
Connected.
SQL> show user;
USER is "SYSTEM"
SQL> create user c## seol identified by "1234";
create user c## seol identified by "1234"
                *
ERROR at line 1:
ORA-00922: missing or invalid option


SQL> create user seol identified by "1234";

User created.

SQL> grant seol
  2
SQL> grant seol
  2
SQL> grant dba to seol;

Grant succeeded.

SQL> select * from tab;
```

